// Jest Snapshot v1, https://goo.gl/fbAQLP

exports[`renders without crashing if renders 1`] = `
<ActorsList
  actors={Array []}
  classes={
    Object {
      "actorDetailedImage": "ActorsList-actorDetailedImage-4",
      "actorImage": "ActorsList-actorImage-3",
      "column": "ActorsList-column-10",
      "details": "ActorsList-details-9",
      "heading": "ActorsList-heading-2",
      "label": "ActorsList-label-6",
      "movieImage": "ActorsList-movieImage-5",
      "root": "ActorsList-root-1",
      "row": "ActorsList-row-8",
      "value": "ActorsList-value-7",
    }
  }
  expand={[MockFunction]}
  expanded={-1}
  navigateToActor={[MockFunction]}
  navigateToMovie={[MockFunction]}
/>
`;
