// Jest Snapshot v1, https://goo.gl/fbAQLP

exports[`renders without crashing if renders 1`] = `
<ActorsList
  actors={Array []}
  classes={
    Object {
      "column": "ActorsList-column-5",
      "details": "ActorsList-details-4",
      "heading": "ActorsList-heading-3",
      "image": "ActorsList-image-2",
      "root": "ActorsList-root-1",
    }
  }
  expand={[MockFunction]}
  expanded={-1}
  navigateToActor={[MockFunction]}
  navigateToMovie={[MockFunction]}
/>
`;
