// Jest Snapshot v1, https://goo.gl/fbAQLP

exports[`renders without crashing if renders 1`] = `
<ActorsGrid
  actors={Array []}
  classes={
    Object {
      "icon": "ActorsGrid-icon-2",
      "image": "ActorsGrid-image-5",
      "root": "ActorsGrid-root-1",
      "tile": "ActorsGrid-tile-3",
      "title": "ActorsGrid-title-4",
    }
  }
/>
`;
